
> tickets@2.0.0 test
> vitest run


[1m[46m RUN [49m[22m [36mv4.0.15 [39m[90mC:/Users/USER/Downloads/projects/system_tickets-1[39m

[90mstdout[2m | tests/integration/services.test.js
[22m[39m[dotenv@17.2.2] injecting env (6) from .env -- tip: ÔÜÖ´©Å  load multiple .env files with { path: ['.env.local', '.env'] }

 [31mÔØ»[39m tests/integration/services.test.js [2m([22m[2m19 tests[22m[2m | [22m[33m19 skipped[39m[2m)[22m[32m 61[2mms[22m[39m
       [2m[90mÔåô[39m[22m should create ticket with valid data
       [2m[90mÔåô[39m[22m should generate unique references
       [2m[90mÔåô[39m[22m should find ticket by reference
       [2m[90mÔåô[39m[22m should throw NotFoundError for non-existent reference
       [2m[90mÔåô[39m[22m should return paginated results
       [2m[90mÔåô[39m[22m should filter by status
       [2m[90mÔåô[39m[22m should update ticket status
       [2m[90mÔåô[39m[22m should return statistics
       [2m[90mÔåô[39m[22m should authenticate valid user
       [2m[90mÔåô[39m[22m should return null for invalid username
       [2m[90mÔåô[39m[22m should return null for invalid password
       [2m[90mÔåô[39m[22m should find user by id
       [2m[90mÔåô[39m[22m should throw NotFoundError for non-existent id
       [2m[90mÔåô[39m[22m should return list of users
       [2m[90mÔåô[39m[22m should return roles with user counts
       [2m[90mÔåô[39m[22m should find role with permissions
       [2m[90mÔåô[39m[22m should throw NotFoundError for non-existent role
       [2m[90mÔåô[39m[22m should return permissions by category
       [2m[90mÔåô[39m[22m should return user permissions
[90mstdout[2m | tests/integration/services-extended.test.js
[22m[39m[dotenv@17.2.2] injecting env (6) from .env -- tip: ­ƒôí auto-backup env with Radar: https://dotenvx.com/radar

 [31mÔØ»[39m tests/integration/services-extended.test.js [2m([22m[2m32 tests[22m[2m | [22m[33m32 skipped[39m[2m)[22m[32m 61[2mms[22m[39m
       [2m[90mÔåô[39m[22m should create user with valid data
       [2m[90mÔåô[39m[22m should reject duplicate username
       [2m[90mÔåô[39m[22m should reject invalid role_id
       [2m[90mÔåô[39m[22m should update username
       [2m[90mÔåô[39m[22m should reject duplicate username on update
       [2m[90mÔåô[39m[22m should change password with correct current password
       [2m[90mÔåô[39m[22m should reject incorrect current password
       [2m[90mÔåô[39m[22m should throw NotFoundError for non-existent user
       [2m[90mÔåô[39m[22m should change user role
       [2m[90mÔåô[39m[22m should reject changing own role
       [2m[90mÔåô[39m[22m should reject invalid role
       [2m[90mÔåô[39m[22m should delete user
       [2m[90mÔåô[39m[22m should reject deleting own account
       [2m[90mÔåô[39m[22m should throw NotFoundError for non-existent user
       [2m[90mÔåô[39m[22m should update ticket by token
       [2m[90mÔåô[39m[22m should throw NotFoundError for invalid token
       [2m[90mÔåô[39m[22m should assign ticket to user
       [2m[90mÔåô[39m[22m should unassign ticket
       [2m[90mÔåô[39m[22m should get ticket with comments
       [2m[90mÔåô[39m[22m should add comment to ticket
       [2m[90mÔåô[39m[22m should return list of technicians
       [2m[90mÔåô[39m[22m should create role with permissions
       [2m[90mÔåô[39m[22m should update role
       [2m[90mÔåô[39m[22m should throw NotFoundError for non-existent role
       [2m[90mÔåô[39m[22m should delete non-system role
       [2m[90mÔåô[39m[22m should reject deleting system role
       [2m[90mÔåô[39m[22m should throw NotFoundError for non-existent role
     [2m[90mÔåô[39m[22m should create comment
     [2m[90mÔåô[39m[22m should create internal comment
     [2m[90mÔåô[39m[22m should get comments by ticket id
     [2m[90mÔåô[39m[22m should get public comments only
     [2m[90mÔåô[39m[22m should count comments by ticket
[90mstdout[2m | tests/integration/public.routes.test.js
[22m[39m[dotenv@17.2.2] injecting env (6) from .env -- tip: ÔÜÖ´©Å  enable debug logging with { debug: true }

 [31mÔØ»[39m tests/integration/public.routes.test.js [2m([22m[2m21 tests[22m[2m | [22m[33m21 skipped[39m[2m)[22m[32m 57[2mms[22m[39m
     [2m[90mÔåô[39m[22m GET /health should return 200
     [2m[90mÔåô[39m[22m GET /health/ready should check database
     [2m[90mÔåô[39m[22m GET /health/metrics should return memory info
     [2m[90mÔåô[39m[22m GET / should render new ticket form
     [2m[90mÔåô[39m[22m POST /tickets should create ticket with valid data
     [2m[90mÔåô[39m[22m POST /tickets should reject empty requester_name
     [2m[90mÔåô[39m[22m POST /tickets should reject invalid support_type
     [2m[90mÔåô[39m[22m POST /tickets should reject short description
     [2m[90mÔåô[39m[22m POST /tickets should require anydesk_code when has_anydesk is yes
     [2m[90mÔåô[39m[22m GET /tickets should return ticket list
     [2m[90mÔåô[39m[22m GET /tickets should support pagination
     [2m[90mÔåô[39m[22m GET /tickets should support status filter
     [2m[90mÔåô[39m[22m GET /tickets should support priority filter
     [2m[90mÔåô[39m[22m GET /tickets/:reference should show ticket details
     [2m[90mÔåô[39m[22m GET /tickets/:reference should return 404 for non-existent ticket
     [2m[90mÔåô[39m[22m GET /tickets/:reference/editar should require valid token
     [2m[90mÔåô[39m[22m GET /tickets/:reference/editar should show form with valid token
     [2m[90mÔåô[39m[22m POST /tickets/:reference/editar should update ticket with valid token
     [2m[90mÔåô[39m[22m POST /tickets/:reference/editar should reject invalid token
     [2m[90mÔåô[39m[22m POST /tickets/:reference/comments should add comment
     [2m[90mÔåô[39m[22m POST /tickets/:reference/comments should reject empty content
[90mstdout[2m | tests/integration/security.test.js
[22m[39m[dotenv@17.2.2] injecting env (6) from .env -- tip: ­ƒôí observe env with Radar: https://dotenvx.com/radar

 [31mÔØ»[39m tests/integration/security.test.js [2m([22m[2m20 tests[22m[2m | [22m[33m20 skipped[39m[2m)[22m[32m 158[2mms[22m[39m
     [2m[90mÔåô[39m[22m GET /admin should redirect to login without auth
     [2m[90mÔåô[39m[22m GET /admin/perfil should redirect to login without auth
     [2m[90mÔåô[39m[22m GET /admin/notifications should redirect to login without auth
     [2m[90mÔåô[39m[22m GET /admin/usuarios should deny access without auth
     [2m[90mÔåô[39m[22m GET /admin/roles should deny access without auth
     [2m[90mÔåô[39m[22m GET /admin/login should be accessible without auth
       [2m[90mÔåô[39m[22m admin can access all admin routes
       [2m[90mÔåô[39m[22m supervisor cannot access user management
       [2m[90mÔåô[39m[22m tecnico cannot access user management
     [2m[90mÔåô[39m[22m should verify ALLOWED_MIME_TYPES only contains image types
     [2m[90mÔåô[39m[22m should have correct extensions for MIME types
     [2m[90mÔåô[39m[22m should not allow dangerous MIME types
     [2m[90mÔåô[39m[22m should safely handle SQL injection in ticket reference
     [2m[90mÔåô[39m[22m should safely handle SQL injection in status filter
     [2m[90mÔåô[39m[22m should safely handle SQL injection in comments
     [2m[90mÔåô[39m[22m should safely handle SQL injection in login
     [2m[90mÔåô[39m[22m should store XSS payload in DB (EJS escapes on render)
     [2m[90mÔåô[39m[22m should escape HTML entities in rendered output
     [2m[90mÔåô[39m[22m should have proper content type
     [2m[90mÔåô[39m[22m should not expose session data in response
[90mstdout[2m | tests/integration/critical-flows.test.js
[22m[39m[dotenv@17.2.2] injecting env (6) from .env -- tip: ÔÜÖ´©Å  enable debug logging with { debug: true }

 [31mÔØ»[39m tests/integration/critical-flows.test.js [2m([22m[2m17 tests[22m[2m | [22m[33m17 skipped[39m[2m)[22m[32m 60[2mms[22m[39m
     [2m[90mÔåô[39m[22m should create ticket and redirect to confirmation
     [2m[90mÔåô[39m[22m should create ticket with AnyDesk code
     [2m[90mÔåô[39m[22m should complete full login flow
     [2m[90mÔåô[39m[22m should complete logout flow
     [2m[90mÔåô[39m[22m should change status through all valid states
     [2m[90mÔåô[39m[22m should update updated_at timestamp on status change
     [2m[90mÔåô[39m[22m should assign ticket to technician
     [2m[90mÔåô[39m[22m should reassign ticket to different technician
     [2m[90mÔåô[39m[22m should unassign ticket
     [2m[90mÔåô[39m[22m should add public comment from admin
     [2m[90mÔåô[39m[22m should add internal comment (not visible to public)
     [2m[90mÔåô[39m[22m should add public comment from anonymous user
     [2m[90mÔåô[39m[22m should preserve comment order (newest last)
     [2m[90mÔåô[39m[22m should create notification when ticket is assigned
     [2m[90mÔåô[39m[22m should fetch notifications via API
     [2m[90mÔåô[39m[22m should mark all notifications as read
     [2m[90mÔåô[39m[22m should return unread count
[90mstdout[2m | tests/integration/negative-cases.test.js
[22m[39m[dotenv@17.2.2] injecting env (6) from .env -- tip: ÔÜÖ´©Å  write to custom object with { processEnv: myObject }

 [31mÔØ»[39m tests/integration/negative-cases.test.js [2m([22m[2m42 tests[22m[2m | [22m[33m42 skipped[39m[2m)[22m[32m 64[2mms[22m[39m
       [2m[90mÔåô[39m[22m should reject empty requester_name
       [2m[90mÔåô[39m[22m should reject requester_name too short
       [2m[90mÔåô[39m[22m should reject invalid support_type
       [2m[90mÔåô[39m[22m should reject invalid priority
       [2m[90mÔåô[39m[22m should reject subject too short
       [2m[90mÔåô[39m[22m should reject description too short
       [2m[90mÔåô[39m[22m should reject missing anydesk_code when has_anydesk is yes
       [2m[90mÔåô[39m[22m should reject invalid email format
       [2m[90mÔåô[39m[22m should reject empty comment content
       [2m[90mÔåô[39m[22m should reject comment content exceeding max length
       [2m[90mÔåô[39m[22m should reject invalid status value
       [2m[90mÔåô[39m[22m should reject empty status
       [2m[90mÔåô[39m[22m should reject empty username
       [2m[90mÔåô[39m[22m should reject empty password
       [2m[90mÔåô[39m[22m should reject wrong password
       [2m[90mÔåô[39m[22m should reject non-existent user
       [2m[90mÔåô[39m[22m GET /tickets/:reference should return 404 for non-existent ticket
       [2m[90mÔåô[39m[22m GET /tickets/:reference/editar should return 404 for non-existent ticket
       [2m[90mÔåô[39m[22m POST /tickets/:reference/comments should return 404 for non-existent ticket
       [2m[90mÔåô[39m[22m GET /admin/tickets/:reference should return 404 for non-existent ticket
       [2m[90mÔåô[39m[22m POST /admin/tickets/:reference/estado should return 404 for non-existent ticket
       [2m[90mÔåô[39m[22m POST /admin/tickets/:reference/asignar should return 404 for non-existent ticket
       [2m[90mÔåô[39m[22m POST /admin/tickets/:reference/comments should return 404 for non-existent ticket
       [2m[90mÔåô[39m[22m GET /admin/usuarios/:id should return 404 for non-existent user
     [2m[90mÔåô[39m[22m GET /tickets/:reference/editar should return 403 with invalid token
     [2m[90mÔåô[39m[22m GET /tickets/:reference/editar should return 403 with missing token
     [2m[90mÔåô[39m[22m POST /tickets/:reference/editar should return 403 with invalid token
     [2m[90mÔåô[39m[22m POST /tickets/:reference/editar should return 403 with empty token
     [2m[90mÔåô[39m[22m should accept valid token
       [2m[90mÔåô[39m[22m should allow requests under the limit
       [2m[90mÔåô[39m[22m should block requests over the limit
       [2m[90mÔåô[39m[22m should include rate limit headers
       [2m[90mÔåô[39m[22m should block excessive comments
       [2m[90mÔåô[39m[22m should redirect to login when accessing /admin without auth
       [2m[90mÔåô[39m[22m should return 403 when accessing /admin/usuarios without auth
       [2m[90mÔåô[39m[22m should return 403 when accessing /admin/roles without auth
       [2m[90mÔåô[39m[22m tecnico should not access /admin/usuarios
       [2m[90mÔåô[39m[22m tecnico should not access /admin/roles
       [2m[90mÔåô[39m[22m supervisor should not access /admin/usuarios
       [2m[90mÔåô[39m[22m supervisor should not access /admin/roles
       [2m[90mÔåô[39m[22m admin should access /admin/usuarios
       [2m[90mÔåô[39m[22m admin should access /admin/roles
[90mstdout[2m | tests/integration/admin.routes.test.js
[22m[39m[dotenv@17.2.2] injecting env (6) from .env -- tip: ­ƒøá´©Å  run anywhere with `dotenvx run -- yourcommand`

 [31mÔØ»[39m tests/integration/admin.routes.test.js [2m([22m[2m23 tests[22m[2m | [22m[33m23 skipped[39m[2m)[22m[32m 157[2mms[22m[39m
     [2m[90mÔåô[39m[22m GET /admin/login should render login page
     [2m[90mÔåô[39m[22m GET /admin should redirect to login when not authenticated
     [2m[90mÔåô[39m[22m POST /admin/login should reject empty credentials
     [2m[90mÔåô[39m[22m POST /admin/login should reject wrong password
     [2m[90mÔåô[39m[22m POST /admin/login should accept valid credentials
     [2m[90mÔåô[39m[22m GET /admin should show dashboard when authenticated
     [2m[90mÔåô[39m[22m GET /admin should support status filter
     [2m[90mÔåô[39m[22m GET /admin should support my_tickets filter
     [2m[90mÔåô[39m[22m GET /admin should support pagination
     [2m[90mÔåô[39m[22m GET /admin/tickets/:reference should show ticket details
     [2m[90mÔåô[39m[22m GET /admin/tickets/:reference should return 404 for non-existent
     [2m[90mÔåô[39m[22m POST /admin/tickets/:reference/estado should change status
     [2m[90mÔåô[39m[22m POST /admin/tickets/:reference/estado should reject invalid status
     [2m[90mÔåô[39m[22m POST /admin/tickets/:reference/asignar should assign technician
     [2m[90mÔåô[39m[22m POST /admin/tickets/:reference/asignar should allow unassign
     [2m[90mÔåô[39m[22m POST /admin/tickets/:reference/comments should add public comment
     [2m[90mÔåô[39m[22m POST /admin/tickets/:reference/comments should add internal comment
     [2m[90mÔåô[39m[22m tecnico should not access /admin/usuarios
     [2m[90mÔåô[39m[22m supervisor should not access /admin/usuarios
     [2m[90mÔåô[39m[22m admin should access /admin/usuarios
     [2m[90mÔåô[39m[22m GET /admin/notifications should return JSON
     [2m[90mÔåô[39m[22m POST /admin/notifications/read-all should mark all as read
     [2m[90mÔåô[39m[22m GET /admin/perfil should show profile page
[90mstdout[2m | tests/unit/validators.test.js
[22m[39m[dotenv@17.2.2] injecting env (6) from .env -- tip: ­ƒøá´©Å  run anywhere with `dotenvx run -- yourcommand`

 [32mÔ£ô[39m tests/unit/validators.test.js [2m([22m[2m42 tests[22m[2m)[22m[32m 22[2mms[22m[39m
 [32mÔ£ô[39m tests/repositories.test.js [2m([22m[2m23 tests[22m[2m)[22m[32m 17[2mms[22m[39m
node.exe : 
En C:\Program Files\nodejs\npm.ps1: 29 Carácter: 3
+   & $NODE_EXE $NPM_CLI_JS $args
+   ~~~~~~~~~~~~~~~~~~~~~~~~~~~~~
    + CategoryInfo          : NotSpecified: (:String) [], Re 
   moteException
    + FullyQualifiedErrorId : NativeCommandError
 
[31mÔÄ»ÔÄ»ÔÄ»ÔÄ»ÔÄ»ÔÄ»[39m[1m[41m Failed Suites 7 
[49m[22m[31mÔÄ»ÔÄ»ÔÄ»ÔÄ»ÔÄ»ÔÄ»ÔÄ»[39m

[41m[1m FAIL [22m[49m 
tests/integration/admin.routes.test.js[2m [ 
tests/integration/admin.routes.test.js ][22m
[31m[1merror[22m: password authentication failed for user 
"postgres"[39m
[90m [2mÔØ»[22m 
node_modules/pg-pool/index.js:[2m45:11[22m[39m
[36m [2mÔØ»[22m doInitialize src/db.js:[2m52:17[22m[39m
    [90m 50| [39m
    [90m 51| [39m[35masync[39m [35mfunction[39m 
[34mdoInitialize[39m() {
    [90m 52| [39m [35mconst[39m client [33m=[39m 
[35mawait[39m 
[34mgetPool[39m()[33m.[39m[34mconnect[39m()[33m;[39m
    [90m   | [39m                [31m^[39m
    [90m 53| [39m [35mtry[39m {
    [90m 54| [39m  [35mawait[39m client[33m.[39m[34mqu
ery[39m([32m'BEGIN'[39m)[33m;[39m
[90m [2mÔØ»[22m ensureDatabaseInitialized 
src/db.js:[2m44:3[22m[39m
[90m [2mÔØ»[22m 
tests/integration/admin.routes.test.js:[2m49:2[22m[39m

[31m[2mÔÄ»ÔÄ»ÔÄ»ÔÄ»ÔÄ»ÔÄ»ÔÄ»ÔÄ»ÔÄ»ÔÄ»ÔÄ»ÔÄ»ÔÄ»ÔÄ»ÔÄ»ÔÄ»ÔÄ»Ô
Ä»ÔÄ»ÔÄ»ÔÄ»ÔÄ»ÔÄ»[1/14]ÔÄ»[22m[39m

[41m[1m FAIL [22m[49m 
tests/integration/admin.routes.test.js[2m [ 
tests/integration/admin.routes.test.js ][22m
[31m[1mTypeError[22m: Cannot read properties of undefined 
(reading 'query')[39m
[36m [2mÔØ»[22m 
tests/integration/admin.routes.test.js:[2m99:13[22m[39m
    [90m 97| [39m
    [90m 98| [39m[34mafterAll[39m([35masync[39m () 
[33m=>[39m {
    [90m 99| [39m await pool.query("DELETE FROM comments 
WHERE ticket_id IN (SELECT id ÔÇª
    [90m   | [39m            [31m^[39m
    [90m100| [39m await pool.query("DELETE FROM tickets 
WHERE reference LIKE 'T-TEST%'"ÔÇª
    [90m101| [39m})[33m;[39m

[31m[2mÔÄ»ÔÄ»ÔÄ»ÔÄ»ÔÄ»ÔÄ»ÔÄ»ÔÄ»ÔÄ»ÔÄ»ÔÄ»ÔÄ»ÔÄ»ÔÄ»ÔÄ»ÔÄ»ÔÄ»Ô
Ä»ÔÄ»ÔÄ»ÔÄ»ÔÄ»ÔÄ»[2/14]ÔÄ»[22m[39m

[41m[1m FAIL [22m[49m 
tests/integration/critical-flows.test.js[2m [ 
tests/integration/critical-flows.test.js ][22m
[31m[1merror[22m: password authentication failed for user 
"postgres"[39m
[90m [2mÔØ»[22m 
node_modules/pg-pool/index.js:[2m45:11[22m[39m
[36m [2mÔØ»[22m doInitialize src/db.js:[2m52:17[22m[39m
    [90m 50| [39m
    [90m 51| [39m[35masync[39m [35mfunction[39m 
[34mdoInitialize[39m() {
    [90m 52| [39m [35mconst[39m client [33m=[39m 
[35mawait[39m 
[34mgetPool[39m()[33m.[39m[34mconnect[39m()[33m;[39m
    [90m   | [39m                [31m^[39m
    [90m 53| [39m [35mtry[39m {
    [90m 54| [39m  [35mawait[39m client[33m.[39m[34mqu
ery[39m([32m'BEGIN'[39m)[33m;[39m
[90m [2mÔØ»[22m ensureDatabaseInitialized 
src/db.js:[2m44:3[22m[39m
[90m [2mÔØ»[22m 
tests/integration/critical-flows.test.js:[2m46:2[22m[39m

[31m[2mÔÄ»ÔÄ»ÔÄ»ÔÄ»ÔÄ»ÔÄ»ÔÄ»ÔÄ»ÔÄ»ÔÄ»ÔÄ»ÔÄ»ÔÄ»ÔÄ»ÔÄ»ÔÄ»ÔÄ»Ô
Ä»ÔÄ»ÔÄ»ÔÄ»ÔÄ»ÔÄ»[3/14]ÔÄ»[22m[39m

[41m[1m FAIL [22m[49m 
tests/integration/critical-flows.test.js[2m [ 
tests/integration/critical-flows.test.js ][22m
[31m[1mTypeError[22m: Cannot read properties of undefined 
(reading 'query')[39m
[36m [2mÔØ»[22m 
tests/integration/critical-flows.test.js:[2m74:13[22m[39m
    [90m 72| [39m[34mafterAll[39m([35masync[39m () 
[33m=>[39m {
    [90m 73| [39m [90m// Limpiar datos de test[39m
    [90m 74| [39m await pool.query("DELETE FROM 
notifications WHERE ticket_id IN (SELECÔÇª
    [90m   | [39m            [31m^[39m
    [90m 75| [39m await pool.query("DELETE FROM comments 
WHERE ticket_id IN (SELECT id ÔÇª
    [90m 76| [39m await pool.query("DELETE FROM tickets 
WHERE reference LIKE 'T-FLOW%'"ÔÇª

[31m[2mÔÄ»ÔÄ»ÔÄ»ÔÄ»ÔÄ»ÔÄ»ÔÄ»ÔÄ»ÔÄ»ÔÄ»ÔÄ»ÔÄ»ÔÄ»ÔÄ»ÔÄ»ÔÄ»ÔÄ»Ô
Ä»ÔÄ»ÔÄ»ÔÄ»ÔÄ»ÔÄ»[4/14]ÔÄ»[22m[39m

[41m[1m FAIL [22m[49m 
tests/integration/negative-cases.test.js[2m [ 
tests/integration/negative-cases.test.js ][22m
[31m[1merror[22m: password authentication failed for user 
"postgres"[39m
[90m [2mÔØ»[22m 
node_modules/pg-pool/index.js:[2m45:11[22m[39m
[36m [2mÔØ»[22m doInitialize src/db.js:[2m52:17[22m[39m
    [90m 50| [39m
    [90m 51| [39m[35masync[39m [35mfunction[39m 
[34mdoInitialize[39m() {
    [90m 52| [39m [35mconst[39m client [33m=[39m 
[35mawait[39m 
[34mgetPool[39m()[33m.[39m[34mconnect[39m()[33m;[39m
    [90m   | [39m                [31m^[39m
    [90m 53| [39m [35mtry[39m {
    [90m 54| [39m  [35mawait[39m client[33m.[39m[34mqu
ery[39m([32m'BEGIN'[39m)[33m;[39m
[90m [2mÔØ»[22m ensureDatabaseInitialized 
src/db.js:[2m44:3[22m[39m
[90m [2mÔØ»[22m 
tests/integration/negative-cases.test.js:[2m47:2[22m[39m

[31m[2mÔÄ»ÔÄ»ÔÄ»ÔÄ»ÔÄ»ÔÄ»ÔÄ»ÔÄ»ÔÄ»ÔÄ»ÔÄ»ÔÄ»ÔÄ»ÔÄ»ÔÄ»ÔÄ»ÔÄ»Ô
Ä»ÔÄ»ÔÄ»ÔÄ»ÔÄ»ÔÄ»[5/14]ÔÄ»[22m[39m

[41m[1m FAIL [22m[49m 
tests/integration/negative-cases.test.js[2m [ 
tests/integration/negative-cases.test.js ][22m
[31m[1mTypeError[22m: Cannot read properties of undefined 
(reading 'query')[39m
[36m [2mÔØ»[22m 
tests/integration/negative-cases.test.js:[2m72:13[22m[39m
    [90m 70| [39m
    [90m 71| [39m[34mafterAll[39m([35masync[39m () 
[33m=>[39m {
    [90m 72| [39m await pool.query("DELETE FROM comments 
WHERE ticket_id IN (SELECT id ÔÇª
    [90m   | [39m            [31m^[39m
    [90m 73| [39m [35mawait[39m 
pool[33m.[39m[34mquery[39m([32m"DELETE FROM tickets 
WHERE reference LIKE 'T-NEG%'"[39m)[33m;[39m
    [90m 74| [39m})[33m;[39m

[31m[2mÔÄ»ÔÄ»ÔÄ»ÔÄ»ÔÄ»ÔÄ»ÔÄ»ÔÄ»ÔÄ»ÔÄ»ÔÄ»ÔÄ»ÔÄ»ÔÄ»ÔÄ»ÔÄ»ÔÄ»Ô
Ä»ÔÄ»ÔÄ»ÔÄ»ÔÄ»ÔÄ»[6/14]ÔÄ»[22m[39m

[41m[1m FAIL [22m[49m 
tests/integration/public.routes.test.js[2m [ 
tests/integration/public.routes.test.js ][22m
[31m[1merror[22m: password authentication failed for user 
"postgres"[39m
[90m [2mÔØ»[22m 
node_modules/pg-pool/index.js:[2m45:11[22m[39m
[36m [2mÔØ»[22m doInitialize src/db.js:[2m52:17[22m[39m
    [90m 50| [39m
    [90m 51| [39m[35masync[39m [35mfunction[39m 
[34mdoInitialize[39m() {
    [90m 52| [39m [35mconst[39m client [33m=[39m 
[35mawait[39m 
[34mgetPool[39m()[33m.[39m[34mconnect[39m()[33m;[39m
    [90m   | [39m                [31m^[39m
    [90m 53| [39m [35mtry[39m {
    [90m 54| [39m  [35mawait[39m client[33m.[39m[34mqu
ery[39m([32m'BEGIN'[39m)[33m;[39m
[90m [2mÔØ»[22m ensureDatabaseInitialized 
src/db.js:[2m44:3[22m[39m
[90m [2mÔØ»[22m 
tests/integration/public.routes.test.js:[2m23:2[22m[39m

[31m[2mÔÄ»ÔÄ»ÔÄ»ÔÄ»ÔÄ»ÔÄ»ÔÄ»ÔÄ»ÔÄ»ÔÄ»ÔÄ»ÔÄ»ÔÄ»ÔÄ»ÔÄ»ÔÄ»ÔÄ»Ô
Ä»ÔÄ»ÔÄ»ÔÄ»ÔÄ»ÔÄ»[7/14]ÔÄ»[22m[39m

[41m[1m FAIL [22m[49m 
tests/integration/public.routes.test.js[2m [ 
tests/integration/public.routes.test.js ][22m
[31m[1mTypeError[22m: Cannot read properties of undefined 
(reading 'query')[39m
[36m [2mÔØ»[22m 
tests/integration/public.routes.test.js:[2m55:13[22m[39m
    [90m 53| [39m
    [90m 54| [39m[34mafterAll[39m([35masync[39m () 
[33m=>[39m {
    [90m 55| [39m await pool.query("DELETE FROM tickets 
WHERE reference LIKE 'T-TEST%'"ÔÇª
    [90m   | [39m            [31m^[39m
    [90m 56| [39m})[33m;[39m
    [90m 57| [39m

[31m[2mÔÄ»ÔÄ»ÔÄ»ÔÄ»ÔÄ»ÔÄ»ÔÄ»ÔÄ»ÔÄ»ÔÄ»ÔÄ»ÔÄ»ÔÄ»ÔÄ»ÔÄ»ÔÄ»ÔÄ»Ô
Ä»ÔÄ»ÔÄ»ÔÄ»ÔÄ»ÔÄ»[8/14]ÔÄ»[22m[39m

[41m[1m FAIL [22m[49m 
tests/integration/security.test.js[2m [ 
tests/integration/security.test.js ][22m
[31m[1merror[22m: password authentication failed for user 
"postgres"[39m
[90m [2mÔØ»[22m 
node_modules/pg-pool/index.js:[2m45:11[22m[39m
[36m [2mÔØ»[22m doInitialize src/db.js:[2m52:17[22m[39m
    [90m 50| [39m
    [90m 51| [39m[35masync[39m [35mfunction[39m 
[34mdoInitialize[39m() {
    [90m 52| [39m [35mconst[39m client [33m=[39m 
[35mawait[39m 
[34mgetPool[39m()[33m.[39m[34mconnect[39m()[33m;[39m
    [90m   | [39m                [31m^[39m
    [90m 53| [39m [35mtry[39m {
    [90m 54| [39m  [35mawait[39m client[33m.[39m[34mqu
ery[39m([32m'BEGIN'[39m)[33m;[39m
[90m [2mÔØ»[22m ensureDatabaseInitialized 
src/db.js:[2m44:3[22m[39m
[90m [2mÔØ»[22m 
tests/integration/security.test.js:[2m69:2[22m[39m

[31m[2mÔÄ»ÔÄ»ÔÄ»ÔÄ»ÔÄ»ÔÄ»ÔÄ»ÔÄ»ÔÄ»ÔÄ»ÔÄ»ÔÄ»ÔÄ»ÔÄ»ÔÄ»ÔÄ»ÔÄ»Ô
Ä»ÔÄ»ÔÄ»ÔÄ»ÔÄ»ÔÄ»[9/14]ÔÄ»[22m[39m

[41m[1m FAIL [22m[49m 
tests/integration/security.test.js[2m [ 
tests/integration/security.test.js ][22m
[31m[1mTypeError[22m: Cannot read properties of undefined 
(reading 'query')[39m
[36m [2mÔØ»[22m 
tests/integration/security.test.js:[2m79:13[22m[39m
    [90m 77| [39m
    [90m 78| [39m[34mafterAll[39m([35masync[39m () 
[33m=>[39m {
    [90m 79| [39m await pool.query("DELETE FROM comments 
WHERE ticket_id IN (SELECT id ÔÇª
    [90m   | [39m            [31m^[39m
    [90m 80| [39m [35mawait[39m 
pool[33m.[39m[34mquery[39m([32m"DELETE FROM tickets 
WHERE reference LIKE 'T-SEC%'"[39m)[33m;[39m
    [90m 81| [39m})[33m;[39m

[31m[2mÔÄ»ÔÄ»ÔÄ»ÔÄ»ÔÄ»ÔÄ»ÔÄ»ÔÄ»ÔÄ»ÔÄ»ÔÄ»ÔÄ»ÔÄ»ÔÄ»ÔÄ»ÔÄ»ÔÄ»Ô
Ä»ÔÄ»ÔÄ»ÔÄ»ÔÄ»[10/14]ÔÄ»[22m[39m

[41m[1m FAIL [22m[49m 
tests/integration/services-extended.test.js[2m [ 
tests/integration/services-extended.test.js ][22m
[31m[1merror[22m: password authentication failed for user 
"postgres"[39m
[90m [2mÔØ»[22m 
node_modules/pg-pool/index.js:[2m45:11[22m[39m
[36m [2mÔØ»[22m doInitialize src/db.js:[2m52:17[22m[39m
    [90m 50| [39m
    [90m 51| [39m[35masync[39m [35mfunction[39m 
[34mdoInitialize[39m() {
    [90m 52| [39m [35mconst[39m client [33m=[39m 
[35mawait[39m 
[34mgetPool[39m()[33m.[39m[34mconnect[39m()[33m;[39m
    [90m   | [39m                [31m^[39m
    [90m 53| [39m [35mtry[39m {
    [90m 54| [39m  [35mawait[39m client[33m.[39m[34mqu
ery[39m([32m'BEGIN'[39m)[33m;[39m
[90m [2mÔØ»[22m ensureDatabaseInitialized 
src/db.js:[2m44:3[22m[39m
[90m [2mÔØ»[22m tests/integration/services-extended.test.j
s:[2m12:2[22m[39m

[31m[2mÔÄ»ÔÄ»ÔÄ»ÔÄ»ÔÄ»ÔÄ»ÔÄ»ÔÄ»ÔÄ»ÔÄ»ÔÄ»ÔÄ»ÔÄ»ÔÄ»ÔÄ»ÔÄ»ÔÄ»Ô
Ä»ÔÄ»ÔÄ»ÔÄ»ÔÄ»[11/14]ÔÄ»[22m[39m

[41m[1m FAIL [22m[49m 
tests/integration/services-extended.test.js[2m [ 
tests/integration/services-extended.test.js ][22m
[31m[1mTypeError[22m: Cannot read properties of undefined 
(reading 'query')[39m
[36m [2mÔØ»[22m tests/integration/services-extended.test.j
s:[2m24:13[22m[39m
    [90m 22| [39m[34mafterAll[39m([35masync[39m () 
[33m=>[39m {
    [90m 23| [39m [90m// Cleanup test users[39m
    [90m 24| [39m [35mawait[39m 
pool[33m.[39m[34mquery[39m([32m"DELETE FROM users WHERE 
username LIKE 'test_%'"[39m)[33m;[39m
    [90m   | [39m            [31m^[39m
    [90m 25| [39m})[33m;[39m
    [90m 26| [39m

[31m[2mÔÄ»ÔÄ»ÔÄ»ÔÄ»ÔÄ»ÔÄ»ÔÄ»ÔÄ»ÔÄ»ÔÄ»ÔÄ»ÔÄ»ÔÄ»ÔÄ»ÔÄ»ÔÄ»ÔÄ»Ô
Ä»ÔÄ»ÔÄ»ÔÄ»ÔÄ»[12/14]ÔÄ»[22m[39m

[41m[1m FAIL [22m[49m 
tests/integration/services.test.js[2m [ 
tests/integration/services.test.js ][22m
[31m[1merror[22m: password authentication failed for user 
"postgres"[39m
[90m [2mÔØ»[22m 
node_modules/pg-pool/index.js:[2m45:11[22m[39m
[36m [2mÔØ»[22m doInitialize src/db.js:[2m52:17[22m[39m
    [90m 50| [39m
    [90m 51| [39m[35masync[39m [35mfunction[39m 
[34mdoInitialize[39m() {
    [90m 52| [39m [35mconst[39m client [33m=[39m 
[35mawait[39m 
[34mgetPool[39m()[33m.[39m[34mconnect[39m()[33m;[39m
    [90m   | [39m                [31m^[39m
    [90m 53| [39m [35mtry[39m {
    [90m 54| [39m  [35mawait[39m client[33m.[39m[34mqu
ery[39m([32m'BEGIN'[39m)[33m;[39m
[90m [2mÔØ»[22m ensureDatabaseInitialized 
src/db.js:[2m44:3[22m[39m
[90m [2mÔØ»[22m 
tests/integration/services.test.js:[2m10:2[22m[39m

[31m[2mÔÄ»ÔÄ»ÔÄ»ÔÄ»ÔÄ»ÔÄ»ÔÄ»ÔÄ»ÔÄ»ÔÄ»ÔÄ»ÔÄ»ÔÄ»ÔÄ»ÔÄ»ÔÄ»ÔÄ»Ô
Ä»ÔÄ»ÔÄ»ÔÄ»ÔÄ»[13/14]ÔÄ»[22m[39m

[41m[1m FAIL [22m[49m 
tests/integration/services.test.js[2m [ 
tests/integration/services.test.js ][22m
[31m[1mTypeError[22m: Cannot read properties of undefined 
(reading 'query')[39m
[36m [2mÔØ»[22m 
tests/integration/services.test.js:[2m16:13[22m[39m
    [90m 14| [39m[34mafterAll[39m([35masync[39m () 
[33m=>[39m {
    [90m 15| [39m [90m// Limpiar datos de test[39m
    [90m 16| [39m await pool.query("DELETE FROM comments 
WHERE ticket_id IN (SELECT id ÔÇª
    [90m   | [39m            [31m^[39m
    [90m 17| [39m await pool.query("DELETE FROM tickets 
WHERE reference LIKE 'T-TEST%'"ÔÇª
    [90m 18| [39m})[33m;[39m

[31m[2mÔÄ»ÔÄ»ÔÄ»ÔÄ»ÔÄ»ÔÄ»ÔÄ»ÔÄ»ÔÄ»ÔÄ»ÔÄ»ÔÄ»ÔÄ»ÔÄ»ÔÄ»ÔÄ»ÔÄ»Ô
Ä»ÔÄ»ÔÄ»ÔÄ»ÔÄ»[14/14]ÔÄ»[22m[39m


[2m Test Files [22m [1m[31m7 failed[39m[22m[2m | [22m[1m[32m2 passed[39m[22m[90m (9)[39m
[2m      Tests [22m [1m[32m65 passed[39m[22m[2m | [22m[33m174 skipped[39m[90m (239)[39m
[2m   Start at [22m 09:22:35
[2m   Duration [22m 5.81s[2m (transform 173ms, setup 73ms, import 3.10s, tests 656ms, environment 1ms)[22m

